================================================================
步骤 1：staging 导出 v2 规则集包（落盘模拟跨环境文件/网络搬运）
================================================================
已写出规则集包: /tmp/tmp4tm9x04z.json  (1180 bytes)
format=feature-flags/ruleset/v1  meta={'exported_at': '2026-09-28T21:44:39.502871Z', 'flag_count': 2, 'version': 'v2', 'source_env': 'staging'}

================================================================
步骤 2：prod 侧导入并上线（导入即编译校验，非法包会被拒收）
================================================================
导入成功：version=v2 source_env=staging，已 update 上线

================================================================
步骤 3：对比 prod 旧版本(v1) 与导入版本(v2)
================================================================
新增（2）：
  + flag 'dark_mode'：0 条规则，default=False
  + flag 'new_checkout' 规则 'vip-early'：5%
删除（1）：
  - flag 'legacy_pay'：0 条规则，default=True
参数变化（5）：
  ~ flag 'new_checkout' [rule:gray] order: 0 -> 1
  ~ flag 'new_checkout' [rule:gray] percentage: 10% -> （无，使用 rollout 阶梯）
  ~ flag 'new_checkout' [rule:gray] rollout: （无） -> [2026-10-01T00:00:00Z@0%, 2026-10-02T00:00:00Z@10%, 2026-10-04T00:00:00Z@50%, 2026-10-08T00:00:00Z@100%]
  ~ flag 'new_checkout' [rule:gray] window_end: '2026-12-31T23:59:59Z' -> None
  ~ flag 'new_checkout' [rule:gray] window_start: '2026-09-01T00:00:00Z' -> None

断言汇总: 新增 2，删除 1，参数变化 5，empty=False

================================================================
步骤 4：阶梯灰度随时间自动放量（同一组分桶用户）
================================================================
10-01 首档: 第0档   0% 实际   4.83%  本档新增   483 人  已放量集合单调: True
10-02: 第1档  10% 实际   9.86%  本档新增   503 人  已放量集合单调: True
10-04: 第2档  50% 实际  49.78%  本档新增  3992 人  已放量集合单调: True
10-08 全量: 第3档 100% 实际 100.00%  本档新增  5022 人  已放量集合单调: True

演示完成：同 (salt,flag,user) 分桶跨时间/跨版本不变，放量集合只扩不缩。
